{"map":{"r": 5, "c": 6, "data":[[0,0,0,0,0,0],[0,0,0,0,0,0],[0,0,0,0,0,0],[0,0,0,0,0,0],[0,0,0,0,0,0]]}, "steps": [{"units": [[{"y": 0, "x": 4},{"y": 0, "x": 5}],[{"y": 4, "x": 0},{"y": 4, "x": 1}]]},{"units": [[{"y": 0, "x": 4},{"y": 0, "x": 4}],[{"y": 4, "x": 0},{"y": 4, "x": 1}]]},{"units": [[{"y": 0, "x": 4},{"y": 0, "x": 4}],[{"y": 4, "x": 1},{"y": 4, "x": 1}]]}]}